Classic Timing Analyzer report for KOMPIC
Tue May 15 08:31:55 2018
Quartus II Version 9.1 Build 222 10/21/2009 SJ Web Edition


---------------------
; Table of Contents ;
---------------------
  1. Legal Notice
  2. Timing Analyzer Summary
  3. Timing Analyzer Settings
  4. Parallel Compilation
  5. tpd
  6. Timing Analyzer Messages



----------------
; Legal Notice ;
----------------
Copyright (C) 1991-2009 Altera Corporation
Your use of Altera Corporation's design tools, logic functions 
and other software and tools, and its AMPP partner logic 
functions, and any output files from any of the foregoing 
(including device programming or simulation files), and any 
associated documentation or information are expressly subject 
to the terms and conditions of the Altera Program License 
Subscription Agreement, Altera MegaCore Function License 
Agreement, or other applicable license agreement, including, 
without limitation, that your use is for the sole purpose of 
programming logic devices manufactured by Altera and sold by 
Altera or its authorized distributors.  Please refer to the 
applicable agreement for further details.



+---------------------------------------------------------------------------------------------------------------------------------+
; Timing Analyzer Summary                                                                                                         ;
+------------------------------+-------+---------------+-------------+----------+----------+------------+----------+--------------+
; Type                         ; Slack ; Required Time ; Actual Time ; From     ; To       ; From Clock ; To Clock ; Failed Paths ;
+------------------------------+-------+---------------+-------------+----------+----------+------------+----------+--------------+
; Worst-case tpd               ; N/A   ; None          ; 12.287 ns   ; OP_1[12] ; RESULT_C ; --         ; --       ; 0            ;
; Total number of failed paths ;       ;               ;             ;          ;          ;            ;          ; 0            ;
+------------------------------+-------+---------------+-------------+----------+----------+------------+----------+--------------+


+-----------------------------------------------------------------------------------------------------------------------------------------------------+
; Timing Analyzer Settings                                                                                                                            ;
+------------------------------------------------------------------------------------------------------+--------------------+------+----+-------------+
; Option                                                                                               ; Setting            ; From ; To ; Entity Name ;
+------------------------------------------------------------------------------------------------------+--------------------+------+----+-------------+
; Device Name                                                                                          ; EP2S15F484C3       ;      ;    ;             ;
; Timing Models                                                                                        ; Final              ;      ;    ;             ;
; Default hold multicycle                                                                              ; Same as Multicycle ;      ;    ;             ;
; Cut paths between unrelated clock domains                                                            ; On                 ;      ;    ;             ;
; Cut off read during write signal paths                                                               ; On                 ;      ;    ;             ;
; Cut off feedback from I/O pins                                                                       ; On                 ;      ;    ;             ;
; Report Combined Fast/Slow Timing                                                                     ; Off                ;      ;    ;             ;
; Ignore Clock Settings                                                                                ; Off                ;      ;    ;             ;
; Analyze latches as synchronous elements                                                              ; On                 ;      ;    ;             ;
; Enable Recovery/Removal analysis                                                                     ; Off                ;      ;    ;             ;
; Enable Clock Latency                                                                                 ; Off                ;      ;    ;             ;
; Use TimeQuest Timing Analyzer                                                                        ; Off                ;      ;    ;             ;
; Number of source nodes to report per destination node                                                ; 10                 ;      ;    ;             ;
; Number of destination nodes to report                                                                ; 10                 ;      ;    ;             ;
; Number of paths to report                                                                            ; 200                ;      ;    ;             ;
; Report Minimum Timing Checks                                                                         ; Off                ;      ;    ;             ;
; Use Fast Timing Models                                                                               ; Off                ;      ;    ;             ;
; Report IO Paths Separately                                                                           ; Off                ;      ;    ;             ;
; Perform Multicorner Analysis                                                                         ; On                 ;      ;    ;             ;
; Reports the worst-case path for each clock domain and analysis                                       ; Off                ;      ;    ;             ;
; Reports worst-case timing paths for each clock domain and analysis                                   ; Off                ;      ;    ;             ;
; Specifies the maximum number of worst-case timing paths to report for each clock domain and analysis ; 100                ;      ;    ;             ;
; Removes common clock path pessimism (CCPP) during slack computation                                  ; Off                ;      ;    ;             ;
; Output I/O Timing Endpoint                                                                           ; Near End           ;      ;    ;             ;
+------------------------------------------------------------------------------------------------------+--------------------+------+----+-------------+


Parallel compilation was disabled, but you have multiple processors available. Enable parallel compilation to reduce compilation time.
+-------------------------------------+
; Parallel Compilation                ;
+----------------------------+--------+
; Processors                 ; Number ;
+----------------------------+--------+
; Number detected on machine ; 4      ;
; Maximum allowed            ; 1      ;
+----------------------------+--------+


+---------------------------------------------------------------------+
; tpd                                                                 ;
+-------+-------------------+-----------------+----------+------------+
; Slack ; Required P2P Time ; Actual P2P Time ; From     ; To         ;
+-------+-------------------+-----------------+----------+------------+
; N/A   ; None              ; 12.287 ns       ; OP_1[12] ; RESULT_C   ;
; N/A   ; None              ; 12.178 ns       ; OP_2[1]  ; RESULT_C   ;
; N/A   ; None              ; 11.951 ns       ; OP_1[3]  ; RESULT_C   ;
; N/A   ; None              ; 11.924 ns       ; OP_2[0]  ; RESULT_C   ;
; N/A   ; None              ; 11.922 ns       ; OP_1[0]  ; RESULT_C   ;
; N/A   ; None              ; 11.764 ns       ; OP_1[1]  ; RESULT_C   ;
; N/A   ; None              ; 11.731 ns       ; OP_1[10] ; RESULT_C   ;
; N/A   ; None              ; 11.692 ns       ; OP_1[2]  ; RESULT_C   ;
; N/A   ; None              ; 11.666 ns       ; OP_1[11] ; RESULT_C   ;
; N/A   ; None              ; 11.636 ns       ; OP_1[5]  ; RESULT_C   ;
; N/A   ; None              ; 11.542 ns       ; OP_1[8]  ; RESULT_C   ;
; N/A   ; None              ; 11.492 ns       ; OP_1[4]  ; RESULT_C   ;
; N/A   ; None              ; 11.410 ns       ; OP_1[7]  ; RESULT_C   ;
; N/A   ; None              ; 11.342 ns       ; OP_1[9]  ; RESULT_C   ;
; N/A   ; None              ; 11.204 ns       ; OP_1[6]  ; RESULT_C   ;
; N/A   ; None              ; 10.927 ns       ; OP_1[13] ; RESULT_C   ;
; N/A   ; None              ; 10.774 ns       ; OP_2[1]  ; RESULT[6]  ;
; N/A   ; None              ; 10.769 ns       ; OP_2[3]  ; RESULT_C   ;
; N/A   ; None              ; 10.667 ns       ; OP_2[1]  ; RESULT[10] ;
; N/A   ; None              ; 10.532 ns       ; OP_1[3]  ; RESULT[6]  ;
; N/A   ; None              ; 10.524 ns       ; OP_2[2]  ; RESULT_C   ;
; N/A   ; None              ; 10.489 ns       ; OP_2[0]  ; RESULT[6]  ;
; N/A   ; None              ; 10.425 ns       ; OP_1[3]  ; RESULT[10] ;
; N/A   ; None              ; 10.391 ns       ; OP_1[5]  ; RESULT[6]  ;
; N/A   ; None              ; 10.382 ns       ; OP_2[0]  ; RESULT[10] ;
; N/A   ; None              ; 10.313 ns       ; OP_1[4]  ; RESULT[6]  ;
; N/A   ; None              ; 10.300 ns       ; OP_2[0]  ; RESULT[9]  ;
; N/A   ; None              ; 10.295 ns       ; OP_2[1]  ; RESULT[9]  ;
; N/A   ; None              ; 10.293 ns       ; OP_2[2]  ; RESULT[6]  ;
; N/A   ; None              ; 10.284 ns       ; OP_1[5]  ; RESULT[10] ;
; N/A   ; None              ; 10.276 ns       ; OP_2[3]  ; RESULT[6]  ;
; N/A   ; None              ; 10.238 ns       ; OP_1[0]  ; RESULT[6]  ;
; N/A   ; None              ; 10.208 ns       ; OP_1[2]  ; RESULT[6]  ;
; N/A   ; None              ; 10.206 ns       ; OP_1[4]  ; RESULT[10] ;
; N/A   ; None              ; 10.151 ns       ; OP_1[0]  ; RESULT[9]  ;
; N/A   ; None              ; 10.099 ns       ; OP_1[1]  ; RESULT[6]  ;
; N/A   ; None              ; 10.096 ns       ; OP_1[8]  ; RESULT[9]  ;
; N/A   ; None              ; 10.063 ns       ; OP_1[6]  ; RESULT[6]  ;
; N/A   ; None              ; 10.040 ns       ; OP_2[0]  ; RESULT[5]  ;
; N/A   ; None              ; 10.035 ns       ; OP_2[1]  ; RESULT[5]  ;
; N/A   ; None              ; 10.011 ns       ; OP_1[1]  ; RESULT[9]  ;
; N/A   ; None              ; 10.002 ns       ; OP_1[7]  ; RESULT[10] ;
; N/A   ; None              ; 9.994 ns        ; OP_1[0]  ; RESULT[10] ;
; N/A   ; None              ; 9.982 ns        ; OP_1[3]  ; RESULT[9]  ;
; N/A   ; None              ; 9.964 ns        ; OP_1[2]  ; RESULT[10] ;
; N/A   ; None              ; 9.956 ns        ; OP_1[6]  ; RESULT[10] ;
; N/A   ; None              ; 9.933 ns        ; OP_1[10] ; RESULT[10] ;
; N/A   ; None              ; 9.902 ns        ; OP_1[6]  ; RESULT[9]  ;
; N/A   ; None              ; 9.891 ns        ; OP_1[0]  ; RESULT[5]  ;
; N/A   ; None              ; 9.890 ns        ; OP_1[3]  ; RESULT[5]  ;
; N/A   ; None              ; 9.855 ns        ; OP_1[1]  ; RESULT[10] ;
; N/A   ; None              ; 9.839 ns        ; OP_2[3]  ; RESULT[9]  ;
; N/A   ; None              ; 9.828 ns        ; OP_1[2]  ; RESULT[9]  ;
; N/A   ; None              ; 9.809 ns        ; OP_1[9]  ; RESULT[10] ;
; N/A   ; None              ; 9.783 ns        ; OP_1[9]  ; RESULT[9]  ;
; N/A   ; None              ; 9.765 ns        ; OP_2[2]  ; RESULT[5]  ;
; N/A   ; None              ; 9.761 ns        ; OP_2[3]  ; RESULT[10] ;
; N/A   ; None              ; 9.751 ns        ; OP_1[1]  ; RESULT[5]  ;
; N/A   ; None              ; 9.747 ns        ; OP_2[3]  ; RESULT[5]  ;
; N/A   ; None              ; 9.739 ns        ; OP_1[5]  ; RESULT[9]  ;
; N/A   ; None              ; 9.736 ns        ; OP_1[2]  ; RESULT[5]  ;
; N/A   ; None              ; 9.695 ns        ; OP_2[2]  ; RESULT[9]  ;
; N/A   ; None              ; 9.660 ns        ; OP_1[8]  ; RESULT[10] ;
; N/A   ; None              ; 9.647 ns        ; OP_1[5]  ; RESULT[5]  ;
; N/A   ; None              ; 9.588 ns        ; OP_1[7]  ; RESULT[9]  ;
; N/A   ; None              ; 9.508 ns        ; OP_2[0]  ; RESULT[1]  ;
; N/A   ; None              ; 9.503 ns        ; OP_2[1]  ; RESULT[1]  ;
; N/A   ; None              ; 9.484 ns        ; OP_2[2]  ; RESULT[10] ;
; N/A   ; None              ; 9.425 ns        ; OP_1[4]  ; RESULT[9]  ;
; N/A   ; None              ; 9.404 ns        ; OP_1[12] ; RESULT[13] ;
; N/A   ; None              ; 9.359 ns        ; OP_1[0]  ; RESULT[1]  ;
; N/A   ; None              ; 9.333 ns        ; OP_1[4]  ; RESULT[5]  ;
; N/A   ; None              ; 9.308 ns        ; OP_1[12] ; RESULT[12] ;
; N/A   ; None              ; 9.257 ns        ; OP_1[11] ; RESULT[11] ;
; N/A   ; None              ; 9.219 ns        ; OP_1[1]  ; RESULT[1]  ;
; N/A   ; None              ; 9.178 ns        ; OP_2[1]  ; RESULT[4]  ;
; N/A   ; None              ; 9.158 ns        ; OP_1[5]  ; RESULT[8]  ;
; N/A   ; None              ; 9.138 ns        ; OP_2[1]  ; RESULT[8]  ;
; N/A   ; None              ; 9.092 ns        ; OP_1[0]  ; RESULT[4]  ;
; N/A   ; None              ; 9.080 ns        ; OP_2[0]  ; RESULT[11] ;
; N/A   ; None              ; 9.074 ns        ; OP_2[0]  ; RESULT[2]  ;
; N/A   ; None              ; 9.064 ns        ; OP_1[8]  ; RESULT[8]  ;
; N/A   ; None              ; 9.062 ns        ; OP_1[0]  ; RESULT[8]  ;
; N/A   ; None              ; 9.060 ns        ; OP_2[1]  ; RESULT[11] ;
; N/A   ; None              ; 9.059 ns        ; OP_1[10] ; RESULT[11] ;
; N/A   ; None              ; 9.047 ns        ; OP_2[3]  ; RESULT[1]  ;
; N/A   ; None              ; 9.039 ns        ; OP_1[5]  ; RESULT[11] ;
; N/A   ; None              ; 9.033 ns        ; OP_2[1]  ; RESULT[2]  ;
; N/A   ; None              ; 8.979 ns        ; OP_2[2]  ; RESULT[2]  ;
; N/A   ; None              ; 8.962 ns        ; OP_2[3]  ; RESULT[2]  ;
; N/A   ; None              ; 8.951 ns        ; OP_1[3]  ; RESULT[4]  ;
; N/A   ; None              ; 8.934 ns        ; OP_2[2]  ; RESULT[1]  ;
; N/A   ; None              ; 8.933 ns        ; OP_1[9]  ; RESULT[11] ;
; N/A   ; None              ; 8.932 ns        ; OP_1[7]  ; RESULT[8]  ;
; N/A   ; None              ; 8.924 ns        ; OP_1[0]  ; RESULT[2]  ;
; N/A   ; None              ; 8.924 ns        ; OP_2[0]  ; RESULT[4]  ;
; N/A   ; None              ; 8.917 ns        ; OP_1[0]  ; RESULT[11] ;
; N/A   ; None              ; 8.915 ns        ; OP_1[8]  ; RESULT[11] ;
; N/A   ; None              ; 8.911 ns        ; OP_1[3]  ; RESULT[8]  ;
; N/A   ; None              ; 8.894 ns        ; OP_1[2]  ; RESULT[2]  ;
; N/A   ; None              ; 8.884 ns        ; OP_2[0]  ; RESULT[8]  ;
; N/A   ; None              ; 8.846 ns        ; OP_1[10] ; RESULT[13] ;
; N/A   ; None              ; 8.815 ns        ; OP_1[7]  ; RESULT[11] ;
; N/A   ; None              ; 8.785 ns        ; OP_1[1]  ; RESULT[2]  ;
; N/A   ; None              ; 8.780 ns        ; OP_1[11] ; RESULT[13] ;
; N/A   ; None              ; 8.764 ns        ; OP_1[1]  ; RESULT[4]  ;
; N/A   ; None              ; 8.752 ns        ; OP_1[10] ; RESULT[12] ;
; N/A   ; None              ; 8.727 ns        ; OP_1[3]  ; RESULT[11] ;
; N/A   ; None              ; 8.726 ns        ; OP_1[6]  ; RESULT[8]  ;
; N/A   ; None              ; 8.724 ns        ; OP_1[1]  ; RESULT[8]  ;
; N/A   ; None              ; 8.714 ns        ; OP_1[4]  ; RESULT[11] ;
; N/A   ; None              ; 8.707 ns        ; OP_2[2]  ; RESULT[4]  ;
; N/A   ; None              ; 8.694 ns        ; OP_2[2]  ; RESULT[11] ;
; N/A   ; None              ; 8.690 ns        ; OP_2[3]  ; RESULT[4]  ;
; N/A   ; None              ; 8.687 ns        ; OP_1[11] ; RESULT[12] ;
; N/A   ; None              ; 8.681 ns        ; OP_2[2]  ; RESULT[8]  ;
; N/A   ; None              ; 8.677 ns        ; OP_2[3]  ; RESULT[11] ;
; N/A   ; None              ; 8.663 ns        ; OP_2[3]  ; RESULT[8]  ;
; N/A   ; None              ; 8.645 ns        ; OP_1[2]  ; RESULT[4]  ;
; N/A   ; None              ; 8.617 ns        ; OP_1[6]  ; RESULT[11] ;
; N/A   ; None              ; 8.605 ns        ; OP_1[2]  ; RESULT[8]  ;
; N/A   ; None              ; 8.569 ns        ; OP_2[1]  ; RESULT[13] ;
; N/A   ; None              ; 8.537 ns        ; OP_1[1]  ; RESULT[11] ;
; N/A   ; None              ; 8.509 ns        ; OP_2[0]  ; RESULT[12] ;
; N/A   ; None              ; 8.504 ns        ; OP_2[0]  ; RESULT[13] ;
; N/A   ; None              ; 8.498 ns        ; OP_1[5]  ; RESULT[7]  ;
; N/A   ; None              ; 8.492 ns        ; OP_1[4]  ; RESULT[4]  ;
; N/A   ; None              ; 8.482 ns        ; OP_1[5]  ; RESULT[12] ;
; N/A   ; None              ; 8.473 ns        ; OP_2[1]  ; RESULT[12] ;
; N/A   ; None              ; 8.452 ns        ; OP_1[4]  ; RESULT[8]  ;
; N/A   ; None              ; 8.415 ns        ; OP_1[2]  ; RESULT[11] ;
; N/A   ; None              ; 8.390 ns        ; OP_1[13] ; RESULT[13] ;
; N/A   ; None              ; 8.388 ns        ; OP_1[8]  ; RESULT[12] ;
; N/A   ; None              ; 8.374 ns        ; OP_1[0]  ; RESULT[7]  ;
; N/A   ; None              ; 8.363 ns        ; OP_1[9]  ; RESULT[12] ;
; N/A   ; None              ; 8.353 ns        ; OP_2[1]  ; RESULT[7]  ;
; N/A   ; None              ; 8.324 ns        ; OP_1[0]  ; RESULT[12] ;
; N/A   ; None              ; 8.307 ns        ; OP_1[0]  ; RESULT[13] ;
; N/A   ; None              ; 8.282 ns        ; OP_2[0]  ; RESULT[7]  ;
; N/A   ; None              ; 8.274 ns        ; OP_1[7]  ; RESULT[7]  ;
; N/A   ; None              ; 8.256 ns        ; OP_1[7]  ; RESULT[12] ;
; N/A   ; None              ; 8.229 ns        ; OP_1[3]  ; RESULT[12] ;
; N/A   ; None              ; 8.214 ns        ; OP_1[0]  ; RESULT[3]  ;
; N/A   ; None              ; 8.184 ns        ; OP_1[3]  ; RESULT[7]  ;
; N/A   ; None              ; 8.173 ns        ; OP_1[4]  ; RESULT[7]  ;
; N/A   ; None              ; 8.167 ns        ; OP_1[1]  ; RESULT[13] ;
; N/A   ; None              ; 8.158 ns        ; OP_2[2]  ; RESULT[7]  ;
; N/A   ; None              ; 8.147 ns        ; OP_1[8]  ; RESULT[13] ;
; N/A   ; None              ; 8.140 ns        ; OP_2[3]  ; RESULT[7]  ;
; N/A   ; None              ; 8.140 ns        ; OP_1[3]  ; RESULT[13] ;
; N/A   ; None              ; 8.122 ns        ; OP_2[0]  ; RESULT[3]  ;
; N/A   ; None              ; 8.076 ns        ; OP_1[6]  ; RESULT[7]  ;
; N/A   ; None              ; 8.050 ns        ; OP_1[6]  ; RESULT[12] ;
; N/A   ; None              ; 8.042 ns        ; OP_1[1]  ; RESULT[12] ;
; N/A   ; None              ; 8.024 ns        ; OP_1[3]  ; RESULT[3]  ;
; N/A   ; None              ; 7.998 ns        ; OP_2[2]  ; RESULT[3]  ;
; N/A   ; None              ; 7.994 ns        ; OP_1[1]  ; RESULT[7]  ;
; N/A   ; None              ; 7.986 ns        ; OP_2[1]  ; RESULT[3]  ;
; N/A   ; None              ; 7.986 ns        ; OP_1[2]  ; RESULT[13] ;
; N/A   ; None              ; 7.980 ns        ; OP_2[3]  ; RESULT[3]  ;
; N/A   ; None              ; 7.953 ns        ; OP_1[6]  ; RESULT[13] ;
; N/A   ; None              ; 7.944 ns        ; OP_2[1]  ; RESULT[0]  ;
; N/A   ; None              ; 7.923 ns        ; OP_1[2]  ; RESULT[12] ;
; N/A   ; None              ; 7.906 ns        ; OP_2[2]  ; RESULT[13] ;
; N/A   ; None              ; 7.897 ns        ; OP_1[5]  ; RESULT[13] ;
; N/A   ; None              ; 7.872 ns        ; OP_1[2]  ; RESULT[7]  ;
; N/A   ; None              ; 7.863 ns        ; OP_2[3]  ; RESULT[13] ;
; N/A   ; None              ; 7.834 ns        ; OP_1[1]  ; RESULT[3]  ;
; N/A   ; None              ; 7.834 ns        ; OP_1[9]  ; RESULT[13] ;
; N/A   ; None              ; 7.806 ns        ; OP_2[3]  ; RESULT[12] ;
; N/A   ; None              ; 7.770 ns        ; OP_1[4]  ; RESULT[12] ;
; N/A   ; None              ; 7.747 ns        ; OP_1[0]  ; RESULT[0]  ;
; N/A   ; None              ; 7.712 ns        ; OP_1[2]  ; RESULT[3]  ;
; N/A   ; None              ; 7.703 ns        ; OP_2[2]  ; RESULT[12] ;
; N/A   ; None              ; 7.639 ns        ; OP_1[7]  ; RESULT[13] ;
; N/A   ; None              ; 7.633 ns        ; OP_2[0]  ; RESULT[0]  ;
; N/A   ; None              ; 7.583 ns        ; OP_1[4]  ; RESULT[13] ;
; N/A   ; None              ; 7.575 ns        ; OP_2[2]  ; RESULT[0]  ;
; N/A   ; None              ; 7.514 ns        ; OP_2[3]  ; RESULT[0]  ;
+-------+-------------------+-----------------+----------+------------+


+--------------------------+
; Timing Analyzer Messages ;
+--------------------------+
Info: *******************************************************************
Info: Running Quartus II Classic Timing Analyzer
    Info: Version 9.1 Build 222 10/21/2009 SJ Web Edition
    Info: Processing started: Tue May 15 08:31:54 2018
Info: Command: quartus_tan --read_settings_files=off --write_settings_files=off KOMPIC -c KOMPIC --timing_analysis_only
Info: Longest tpd from source pin "OP_1[12]" to destination pin "RESULT_C" is 12.287 ns
    Info: 1: + IC(0.000 ns) + CELL(0.807 ns) = 0.807 ns; Loc. = PIN_H11; Fanout = 3; PIN Node = 'OP_1[12]'
    Info: 2: + IC(4.998 ns) + CELL(0.154 ns) = 5.959 ns; Loc. = LCCOMB_X23_Y1_N0; Fanout = 2; COMB Node = 'lpm_clshift0:inst|lpm_clshift:lpm_clshift_component|lpm_clshift_hhc:auto_generated|sbit_w[40]~7'
    Info: 3: + IC(0.268 ns) + CELL(0.346 ns) = 6.573 ns; Loc. = LCCOMB_X23_Y1_N18; Fanout = 1; COMB Node = 'lpm_clshift0:inst|lpm_clshift:lpm_clshift_component|lpm_clshift_hhc:auto_generated|ov_w[15]~1'
    Info: 4: + IC(0.210 ns) + CELL(0.154 ns) = 6.937 ns; Loc. = LCCOMB_X23_Y1_N14; Fanout = 1; COMB Node = 'lpm_clshift0:inst|lpm_clshift:lpm_clshift_component|lpm_clshift_hhc:auto_generated|ov_w[15]~4'
    Info: 5: + IC(3.408 ns) + CELL(1.942 ns) = 12.287 ns; Loc. = PIN_H16; Fanout = 0; PIN Node = 'RESULT_C'
    Info: Total cell delay = 3.403 ns ( 27.70 % )
    Info: Total interconnect delay = 8.884 ns ( 72.30 % )
Info: Quartus II Classic Timing Analyzer was successful. 0 errors, 0 warnings
    Info: Peak virtual memory: 205 megabytes
    Info: Processing ended: Tue May 15 08:31:55 2018
    Info: Elapsed time: 00:00:01
    Info: Total CPU time (on all processors): 00:00:00


